event_type, timestamp, total_iterations, iterations_per_second, resident_set_size, percent_heap_used, percent_new_space_used, percent_old_space_used
[29875:0x103000000]       64 ms: Scavenge 4.8 (8.9) -> 4.4 (10.9) MB, 0.9 / 0.0 ms  allocation failure
[29875:0x103000000]       67 ms: Scavenge 5.9 (10.9) -> 5.1 (11.4) MB, 1.0 / 0.0 ms  allocation failure
[29875:0x103000000]       70 ms: Scavenge 6.4 (11.4) -> 5.6 (12.4) MB, 1.0 / 0.0 ms  allocation failure
[29875:0x103000000]       74 ms: Scavenge 7.0 (12.4) -> 6.2 (16.9) MB, 1.2 / 0.0 ms  allocation failure
[29875:0x103000000]       80 ms: Scavenge 9.5 (16.9) -> 7.6 (17.4) MB, 2.2 / 0.0 ms  allocation failure
[29875:0x103000000]       85 ms: Scavenge 10.1 (17.4) -> 8.7 (18.9) MB, 2.1 / 0.0 ms  allocation failure
[29875:0x103000000]       90 ms: Scavenge 11.5 (18.9) -> 9.9 (27.9) MB, 2.3 / 0.0 ms  allocation failure
[29875:0x103000000]      101 ms: Scavenge 16.5 (27.9) -> 12.8 (28.9) MB, 3.5 / 0.0 ms  allocation failure
[29875:0x103000000]      112 ms: Scavenge 17.7 (28.9) -> 14.8 (31.9) MB, 4.6 / 0.0 ms  allocation failure
[29875:0x103000000]      122 ms: Scavenge 20.5 (31.9) -> 17.2 (49.9) MB, 4.8 / 0.0 ms  allocation failure
[29875:0x103000000]      148 ms: Scavenge 30.5 (49.9) -> 22.9 (52.4) MB, 9.4 / 0.0 ms  allocation failure
PROFILE, 166, 57021, 570210, 67764224, 62.53296217256875, 45.86045742034912, 96.18026488878259
[29875:0x103000000]      176 ms: Scavenge 33.1 (52.9) -> 27.3 (58.4) MB, 10.7 / 0.0 ms  allocation failure
[29875:0x103000000]      201 ms: Scavenge 38.7 (58.4) -> 32.2 (62.4) MB, 9.2 / 0.0 ms  allocation failure
[29875:0x103000000]      225 ms: Scavenge 42.9 (62.4) -> 36.7 (67.4) MB, 8.8 / 0.0 ms  allocation failure
[29875:0x103000000]      248 ms: Scavenge 47.7 (67.4) -> 41.3 (71.9) MB, 9.1 / 0.0 ms  allocation failure
PROFILE, 265, 105121, 481000, 89755648, 73.27735676360355, 47.2121000289917, 97.74197202387441
[29875:0x103000000]      273 ms: Scavenge 52.2 (71.9) -> 45.9 (76.9) MB, 10.6 / 0.0 ms  allocation failure
[29875:0x103000000]      295 ms: Scavenge 56.8 (76.9) -> 50.5 (81.4) MB, 9.6 / 0.0 ms  allocation failure
[29875:0x103000000]      323 ms: Mark-sweep 59.6 (81.4) -> 55.4 (86.4) MB, 14.1 / 0.0 ms  (+ 24.7 ms in 83 steps since start of marking, biggest step 3.1 ms, walltime since start of marking 212 ms) finalize incremental marking via stack guard GC in old space requested
[29875:0x103000000]      341 ms: Scavenge 65.8 (86.4) -> 58.5 (90.4) MB, 9.5 / 0.0 ms  allocation failure
[29875:0x103000000]      361 ms: Scavenge 69.7 (90.4) -> 63.2 (94.9) MB, 9.3 / 0.0 ms  allocation failure
PROFILE, 365, 150959, 458380, 113246208, 67.81350851797222, 15.635418891906738, 96.74608415360866
[29875:0x103000000]      379 ms: Scavenge 74.0 (94.9) -> 67.8 (98.9) MB, 8.9 / 0.0 ms  allocation failure
[29875:0x103000000]      397 ms: Scavenge 78.7 (98.9) -> 72.4 (103.9) MB, 9.2 / 0.0 ms  allocation failure
[29875:0x103000000]      415 ms: Scavenge 83.3 (103.9) -> 77.0 (108.4) MB, 8.6 / 0.0 ms  allocation failure
[29875:0x103000000]      433 ms: Scavenge 87.9 (108.4) -> 81.6 (113.4) MB, 8.4 / 0.0 ms  allocation failure
[29875:0x103000000]      450 ms: Scavenge 92.5 (113.4) -> 86.2 (117.9) MB, 8.7 / 0.0 ms  allocation failure
[29875:0x103000000]      468 ms: Scavenge 97.1 (117.9) -> 90.8 (122.4) MB, 8.7 / 0.0 ms  allocation failure
PROFILE, 472, 221778, 668103.7735849057, 142782464, 75.1309069752408, 15.039634704589844, 97.99327695862178
[29875:0x103000000]      487 ms: Scavenge 101.7 (122.4) -> 95.4 (127.4) MB, 9.6 / 0.0 ms  allocation failure
[29875:0x103000000]      509 ms: Scavenge 106.3 (127.4) -> 100.0 (131.9) MB, 10.2 / 0.0 ms  allocation failure
[29875:0x103000000]      527 ms: Scavenge 110.9 (131.9) -> 104.6 (136.4) MB, 9.5 / 0.0 ms  allocation failure
[29875:0x103000000]      545 ms: Scavenge 115.5 (136.4) -> 109.2 (141.4) MB, 9.1 / 0.0 ms  allocation failure
[29875:0x103000000]      566 ms: Scavenge 120.1 (141.4) -> 113.8 (145.9) MB, 11.0 / 0.0 ms  allocation failure
PROFILE, 573, 280958, 585940.5940594058, 167333888, 78.86134091539482, 15.10777473449707, 97.98460728829534
[29875:0x103000000]      600 ms: Scavenge 124.7 (145.9) -> 118.4 (150.4) MB, 8.7 / 0.0 ms  allocation failure
[29875:0x103000000]      646 ms: Scavenge 129.3 (150.4) -> 123.0 (155.4) MB, 11.0 / 0.0 ms  allocation failure
PROFILE, 672, 309681, 287230, 177164288, 83.01378305425786, 29.712843894958496, 97.89935329307015
[29875:0x103000000]      707 ms: Scavenge 133.9 (155.4) -> 127.6 (159.9) MB, 9.6 / 0.0 ms  allocation failure
[29875:0x103000000]      713 ms: Mark-sweep 127.7 (159.9) -> 127.4 (164.9) MB, 2.8 / 0.0 ms  (+ 82.0 ms in 526 steps since start of marking, biggest step 3.0 ms, walltime since start of marking 168 ms) finalize incremental marking via stack guard GC in old space requested
[29875:0x103000000]      734 ms: Scavenge 143.1 (164.9) -> 134.4 (164.9) MB, 7.4 / 0.0 ms  allocation failure
[29875:0x103000000]      754 ms: Scavenge 143.2 (164.9) -> 137.9 (171.9) MB, 11.0 / 0.0 ms  allocation failure
[29875:0x103000000]      774 ms: Scavenge 149.8 (171.9) -> 143.0 (175.9) MB, 10.7 / 0.0 ms  allocation failure
PROFILE, 777, 355892, 440104.7619047619, 198209536, 82.00782597767397, 16.348791122436523, 97.52627991696231
[29875:0x103000000]      799 ms: Scavenge 153.5 (175.9) -> 147.4 (180.4) MB, 14.0 / 0.0 ms  allocation failure
[29875:0x103000000]      818 ms: Scavenge 158.5 (180.4) -> 152.1 (184.9) MB, 9.4 / 0.0 ms  allocation failure
[29875:0x103000000]      837 ms: Scavenge 162.9 (184.9) -> 156.6 (189.4) MB, 8.8 / 0.0 ms  allocation failure
[29875:0x103000000]      855 ms: Scavenge 167.6 (189.4) -> 161.3 (193.9) MB, 8.9 / 0.0 ms  allocation failure
[29875:0x103000000]      873 ms: Scavenge 172.2 (193.9) -> 165.9 (198.9) MB, 9.3 / 0.0 ms  allocation failure
PROFILE, 877, 415695, 598030, 222896128, 84.49301789319505, 17.82200336456299, 98.05661602644837
[29875:0x103000000]      891 ms: Scavenge 176.8 (198.9) -> 170.5 (203.4) MB, 9.4 / 0.0 ms  allocation failure
[29875:0x103000000]      909 ms: Scavenge 181.4 (203.4) -> 175.1 (208.4) MB, 9.5 / 0.0 ms  allocation failure
[29875:0x103000000]      927 ms: Scavenge 186.0 (208.4) -> 179.7 (212.9) MB, 10.1 / 0.0 ms  allocation failure
[29875:0x103000000]      947 ms: Scavenge 190.6 (212.9) -> 184.3 (217.4) MB, 9.0 / 0.0 ms  allocation failure
[29875:0x103000000]      964 ms: Scavenge 195.2 (217.4) -> 188.9 (222.4) MB, 8.2 / 0.0 ms  allocation failure
PROFILE, 977, 485387, 696920, 247439360, 90.32794108055644, 48.22227954864502, 98.04104440944634
[29875:0x103000000]      982 ms: Scavenge 199.8 (222.4) -> 193.5 (226.9) MB, 8.3 / 0.0 ms  allocation failure
[29875:0x103000000]     1000 ms: Scavenge 204.4 (226.9) -> 198.1 (231.4) MB, 8.5 / 0.0 ms  allocation failure
[29875:0x103000000]     1017 ms: Scavenge 209.0 (231.4) -> 202.7 (236.4) MB, 8.3 / 0.0 ms  allocation failure
[29875:0x103000000]     1036 ms: Scavenge 213.6 (236.4) -> 207.3 (240.9) MB, 8.9 / 0.0 ms  allocation failure
[29875:0x103000000]     1054 ms: Scavenge 218.2 (240.9) -> 211.9 (245.9) MB, 8.4 / 0.0 ms  allocation failure
[29875:0x103000000]     1072 ms: Scavenge 222.8 (245.9) -> 216.5 (250.4) MB, 9.1 / 0.0 ms  allocation failure
PROFILE, 1077, 546502, 611150, 276893696, 87.60154986873293, 19.738388061523438, 98.12059818043886
[29875:0x103000000]     1090 ms: Scavenge 227.4 (250.4) -> 221.1 (254.9) MB, 8.8 / 0.0 ms  allocation failure
[29875:0x103000000]     1108 ms: Scavenge 232.0 (254.9) -> 225.7 (259.9) MB, 10.1 / 0.0 ms  allocation failure
[29875:0x103000000]     1127 ms: Scavenge 236.6 (259.9) -> 230.3 (264.4) MB, 9.3 / 0.0 ms  allocation failure
[29875:0x103000000]     1146 ms: Scavenge 241.2 (264.4) -> 234.9 (268.9) MB, 9.6 / 0.0 ms  allocation failure
[29875:0x103000000]     1164 ms: Scavenge 245.8 (268.9) -> 239.5 (273.9) MB, 8.5 / 0.0 ms  allocation failure
[29875:0x103000000]     1181 ms: Scavenge 250.4 (273.9) -> 244.1 (278.4) MB, 8.3 / 0.0 ms  allocation failure
PROFILE, 1185, 615861, 642212.9629629629, 306384896, 88.17584176672688, 15.038824081420898, 98.18186248730596
[29875:0x103000000]     1201 ms: Scavenge 255.0 (278.4) -> 248.7 (282.9) MB, 8.8 / 0.0 ms  allocation failure
[29875:0x103000000]     1254 ms: Scavenge 259.6 (282.9) -> 253.3 (287.9) MB, 11.9 / 0.0 ms  allocation failure
PROFILE, 1286, 643160, 272990, 316215296, 89.63874727597332, 25.535273551940918, 98.13405958677815
[29875:0x103000000]     1392 ms: Scavenge 264.2 (287.9) -> 257.9 (292.4) MB, 17.2 / 0.0 ms  allocation failure
PROFILE, 1396, 651350, 74454.54545454546, 321126400, 88.6796814143544, 15.035176277160645, 98.20751276744487
[29875:0x103000000]     1443 ms: Mark-sweep 260.9 (292.4) -> 259.4 (297.4) MB, 2.6 / 0.0 ms  (+ 180.5 ms in 408 steps since start of marking, biggest step 3.7 ms, walltime since start of marking 262 ms) finalize incremental marking via stack guard GC in old space requested
[29875:0x103000000]     1485 ms: Scavenge 273.4 (297.4) -> 265.1 (298.9) MB, 23.5 / 0.0 ms  allocation failure
PROFILE, 1495, 677099, 257490, 327569408, 91.45942840932976, 40.62850475311279, 98.00083425447723
[29875:0x103000000]     1506 ms: Scavenge 274.7 (298.9) -> 269.1 (304.4) MB, 12.5 / 0.0 ms  allocation failure
[29875:0x103000000]     1531 ms: Scavenge 280.6 (304.4) -> 274.0 (308.4) MB, 15.2 / 0.0 ms  allocation failure
[29875:0x103000000]     1550 ms: Scavenge 284.6 (308.4) -> 278.4 (313.4) MB, 9.6 / 0.0 ms  allocation failure
[29875:0x103000000]     1573 ms: Scavenge 289.5 (313.4) -> 283.1 (317.9) MB, 12.2 / 0.0 ms  allocation failure
[29875:0x103000000]     1598 ms: Scavenge 294.0 (317.9) -> 287.7 (322.9) MB, 10.8 / 0.0 ms  allocation failure
PROFILE, 1602, 727810, 478405.6603773585, 352870400, 89.52057720914472, 14.974498748779297, 98.14324519689087
[29875:0x103000000]     1619 ms: Scavenge 298.6 (322.9) -> 292.3 (327.4) MB, 8.8 / 0.0 ms  allocation failure
[29875:0x103000000]     1647 ms: Scavenge 303.2 (327.4) -> 296.9 (332.4) MB, 12.2 / 0.0 ms  allocation failure
[29875:0x103000000]     1667 ms: Scavenge 307.8 (332.4) -> 301.5 (336.9) MB, 9.3 / 0.0 ms  allocation failure
[29875:0x103000000]     1691 ms: Scavenge 312.4 (336.9) -> 306.1 (341.4) MB, 11.3 / 0.0 ms  allocation failure
PROFILE, 1701, 782169, 543590, 372490240, 91.97436732776258, 35.28714179992676, 98.22315974221199
[29875:0x103000000]     1713 ms: Scavenge 317.0 (341.4) -> 310.7 (346.4) MB, 11.8 / 0.0 ms  allocation failure
[29875:0x103000000]     1742 ms: Scavenge 321.6 (346.4) -> 315.3 (350.9) MB, 17.3 / 0.0 ms  allocation failure
[29875:0x103000000]     1763 ms: Scavenge 326.2 (350.9) -> 319.9 (355.4) MB, 11.0 / 0.0 ms  allocation failure
[29875:0x103000000]     1789 ms: Scavenge 330.8 (355.4) -> 324.5 (360.4) MB, 15.1 / 0.0 ms  allocation failure
PROFILE, 1801, 832740, 505710, 392130560, 93.07135146232012, 44.65374946594238, 98.14668246561442
[29875:0x103000000]     1810 ms: Scavenge 335.4 (360.4) -> 329.1 (364.9) MB, 10.9 / 0.0 ms  allocation failure
[29875:0x103000000]     1838 ms: Scavenge 340.0 (364.9) -> 333.7 (369.4) MB, 14.3 / 0.0 ms  allocation failure
[29875:0x103000000]     1859 ms: Scavenge 344.6 (369.4) -> 338.3 (374.4) MB, 11.2 / 0.0 ms  allocation failure
[29875:0x103000000]     1883 ms: Scavenge 349.2 (374.4) -> 342.9 (378.9) MB, 15.9 / 0.0 ms  allocation failure
[29875:0x103000000]     1904 ms: Scavenge 353.8 (378.9) -> 347.5 (383.9) MB, 9.9 / 0.0 ms  allocation failure
PROFILE, 1907, 881631, 461235.8490566038, 416677888, 90.89262733125089, 15.038466453552246, 98.1334007734853
[29875:0x103000000]     1931 ms: Scavenge 358.5 (383.9) -> 352.1 (388.4) MB, 15.7 / 0.0 ms  allocation failure
[29875:0x103000000]     1956 ms: Scavenge 363.1 (388.4) -> 356.7 (392.9) MB, 13.8 / 0.0 ms  allocation failure
[29875:0x103000000]     1981 ms: Scavenge 367.7 (392.9) -> 361.3 (397.9) MB, 11.8 / 0.0 ms  allocation failure
[29875:0x103000000]     2003 ms: Scavenge 372.3 (397.9) -> 365.9 (402.4) MB, 9.8 / 0.0 ms  allocation failure
PROFILE, 2007.0000000000002, 928955, 473240, 436314112, 91.29157637427157, 15.037918090820312, 98.20432710250478
[29875:0x103000000]     2030 ms: Scavenge 376.9 (402.4) -> 370.5 (406.9) MB, 15.3 / 0.0 ms  allocation failure
[29875:0x103000000]     2052 ms: Scavenge 381.5 (406.9) -> 375.2 (411.9) MB, 11.7 / 0.0 ms  allocation failure
[29875:0x103000000]     2075 ms: Scavenge 386.1 (411.9) -> 379.8 (416.4) MB, 11.4 / 0.0 ms  allocation failure
[29875:0x103000000]     2096 ms: Scavenge 390.7 (416.4) -> 384.4 (420.9) MB, 11.6 / 0.0 ms  allocation failure
PROFILE, 2107, 986013, 570580, 455950336, 93.7983396345269, 43.120694160461426, 98.26845993267659
[29875:0x103000000]     2117 ms: Scavenge 395.3 (420.9) -> 389.0 (425.9) MB, 11.3 / 0.0 ms  allocation failure
[29875:0x103000000]     2140 ms: Scavenge 399.9 (425.9) -> 393.6 (430.4) MB, 11.4 / 0.0 ms  allocation failure
[29875:0x103000000]     2157 ms: Scavenge 404.5 (430.4) -> 398.2 (435.4) MB, 8.5 / 0.0 ms  allocation failure
[29875:0x103000000]     2175 ms: Scavenge 409.1 (435.4) -> 402.8 (439.9) MB, 9.2 / 0.0 ms  allocation failure
[29875:0x103000000]     2195 ms: Scavenge 413.7 (439.9) -> 407.4 (444.4) MB, 10.6 / 0.0 ms  allocation failure
PROFILE, 2208, 1046209, 601960, 480497664, 94.23535423282173, 46.11945152282715, 98.25015261328959
[29875:0x103000000]     2224 ms: Scavenge 418.3 (444.4) -> 412.0 (449.4) MB, 18.3 / 0.0 ms  allocation failure
[29875:0x103000000]     2247 ms: Scavenge 422.9 (449.4) -> 416.6 (453.9) MB, 12.3 / 0.0 ms  allocation failure
[29875:0x103000000]     2272 ms: Scavenge 427.5 (453.9) -> 421.2 (458.4) MB, 14.0 / 0.0 ms  allocation failure
[29875:0x103000000]     2292 ms: Scavenge 432.1 (458.4) -> 425.8 (463.4) MB, 10.8 / 0.0 ms  allocation failure
[29875:0x103000000]     2318 ms: Scavenge 436.7 (463.4) -> 430.4 (467.9) MB, 17.3 / 0.0 ms  allocation failure
PROFILE, 2322, 1094592, 424412.2807017544, 505044992, 92.28983677420301, 15.038466453552246, 98.23382370317687
[29875:0x103000000]     2340 ms: Scavenge 441.3 (467.9) -> 435.0 (472.4) MB, 11.2 / 0.0 ms  allocation failure
[29875:0x103000000]     2364 ms: Scavenge 445.9 (472.4) -> 439.6 (477.4) MB, 15.1 / 0.0 ms  allocation failure
[29875:0x103000000]     2384 ms: Scavenge 450.5 (477.4) -> 444.2 (481.9) MB, 10.3 / 0.0 ms  allocation failure
[29875:0x103000000]     2406 ms: Scavenge 455.1 (481.9) -> 448.8 (486.9) MB, 10.9 / 0.0 ms  allocation failure
PROFILE, 2422, 1152277, 576850, 524685312, 94.44184953470824, 44.930195808410645, 98.17839655194823
[29875:0x103000000]     2431 ms: Scavenge 459.7 (486.9) -> 453.4 (491.4) MB, 10.3 / 0.0 ms  allocation failure
[29875:0x103000000]     2452 ms: Scavenge 464.3 (491.4) -> 458.0 (495.9) MB, 9.6 / 0.0 ms  allocation failure
[29875:0x103000000]     2480 ms: Scavenge 468.9 (495.9) -> 462.6 (500.9) MB, 12.3 / 0.0 ms  allocation failure
[29875:0x103000000]     2500 ms: Scavenge 473.5 (500.9) -> 467.2 (505.4) MB, 8.4 / 0.0 ms  allocation failure
[29875:0x103000000]     2526 ms: Scavenge 478.1 (505.4) -> 471.8 (509.9) MB, 14.0 / 0.0 ms  allocation failure
PROFILE, 2530, 1201072, 451805.55555555556, 549220352, 92.81524708386482, 15.037345886230469, 98.27071770327532
[29875:0x103000000]     2566 ms: Scavenge 482.8 (509.9) -> 476.4 (514.9) MB, 17.2 / 0.0 ms  allocation failure
PROFILE, 2630, 1219090, 180180, 554156032, 93.92099689778036, 32.890892028808594, 98.20607617361173
PROFILE, 2731, 1224439, 52960.396039603955, 554156032, 94.88365903548221, 48.33331108093262, 98.20613194030886
[29875:0x103000000]     2744 ms: Scavenge 487.4 (514.9) -> 481.0 (519.4) MB, 11.2 / 0.0 ms  allocation failure
PROFILE, 2832, 1227213, 27465.346534653465, 559063040, 93.33351749311684, 22.206664085388184, 98.24411484810035
[29875:0x103000000]     2915 ms: Mark-sweep 485.5 (519.4) -> 483.4 (524.4) MB, 3.5 / 0.0 ms  (+ 322.5 ms in 344 steps since start of marking, biggest step 4.2 ms, walltime since start of marking 389 ms) finalize incremental marking via stack guard GC in old space requested
PROFILE, 2932, 1242366, 151530, 559763456, 94.7148933624393, 45.08070945739746, 98.17401021543759
[29875:0x103000000]     2952 ms: Scavenge 496.5 (524.4) -> 488.5 (526.4) MB, 21.8 / 0.0 ms  allocation failure
[29875:0x103000000]     2980 ms: Scavenge 498.4 (526.4) -> 492.6 (531.9) MB, 16.3 / 0.0 ms  allocation failure
[29875:0x103000000]     3001 ms: Scavenge 503.9 (531.9) -> 497.4 (536.4) MB, 10.5 / 0.0 ms  allocation failure
[29875:0x103000000]     3023 ms: Scavenge 508.1 (536.4) -> 501.9 (541.4) MB, 11.8 / 0.0 ms  allocation failure
PROFILE, 3032, 1281927, 395610, 581476352, 93.5634891544623, 24.733567237854004, 98.11599417104703
[29875:0x103000000]     3047 ms: Scavenge 512.9 (541.4) -> 506.6 (546.4) MB, 11.1 / 0.0 ms  allocation failure
[29875:0x103000000]     3069 ms: Scavenge 517.4 (546.4) -> 511.1 (551.4) MB, 10.2 / 0.0 ms  allocation failure
[29875:0x103000000]     3095 ms: Scavenge 522.1 (551.4) -> 515.8 (556.4) MB, 12.3 / 0.0 ms  allocation failure
[29875:0x103000000]     3116 ms: Scavenge 526.7 (556.4) -> 520.4 (561.4) MB, 11.8 / 0.0 ms  allocation failure
PROFILE, 3132, 1334968, 530410, 601083904, 94.44682880812087, 41.30356311798096, 97.87471651113508
[29875:0x103000000]     3148 ms: Scavenge 531.3 (561.4) -> 525.0 (566.4) MB, 16.0 / 0.0 ms  allocation failure
[29875:0x103000000]     3176 ms: Scavenge 535.9 (566.4) -> 529.6 (571.4) MB, 18.0 / 0.0 ms  allocation failure
[29875:0x103000000]     3201 ms: Scavenge 540.5 (571.4) -> 534.2 (576.4) MB, 10.1 / 0.0 ms  allocation failure
[29875:0x103000000]     3223 ms: Scavenge 545.1 (576.4) -> 538.8 (581.4) MB, 11.5 / 0.0 ms  allocation failure
PROFILE, 3232, 1376706, 417380, 620744704, 93.47529648574864, 25.188589096069336, 97.66159292065112
[29875:0x103000000]     3250 ms: Scavenge 549.7 (581.4) -> 543.4 (586.4) MB, 12.3 / 0.0 ms  allocation failure
[29875:0x103000000]     3274 ms: Scavenge 554.3 (586.4) -> 548.0 (591.4) MB, 12.5 / 0.0 ms  allocation failure
[29875:0x103000000]     3297 ms: Scavenge 558.9 (591.4) -> 552.6 (596.4) MB, 11.2 / 0.0 ms  allocation failure
[29875:0x103000000]     3317 ms: Scavenge 563.5 (596.4) -> 557.2 (601.4) MB, 8.9 / 0.0 ms  allocation failure
PROFILE, 3332, 1430883, 541770, 640409600, 94.48324033004585, 44.959044456481934, 97.46389704612196
[29875:0x103000000]     3345 ms: Scavenge 568.1 (601.4) -> 561.8 (606.4) MB, 14.9 / 0.0 ms  allocation failure
[29875:0x103000000]     3365 ms: Scavenge 572.7 (606.4) -> 566.4 (611.4) MB, 8.8 / 0.0 ms  allocation failure
[29875:0x103000000]     3391 ms: Scavenge 577.3 (611.4) -> 571.0 (616.4) MB, 15.2 / 0.0 ms  allocation failure
[29875:0x103000000]     3411 ms: Scavenge 581.9 (616.4) -> 575.6 (621.4) MB, 11.3 / 0.0 ms  allocation failure
[29875:0x103000000]     3439 ms: Scavenge 586.5 (621.4) -> 580.2 (626.4) MB, 19.1 / 0.0 ms  allocation failure
PROFILE, 3443, 1479668, 435580.35714285716, 664985600, 92.85448946468536, 15.037345886230469, 97.23563637303556
[29875:0x103000000]     3461 ms: Scavenge 591.1 (626.4) -> 584.8 (631.4) MB, 11.6 / 0.0 ms  allocation failure
[29875:0x103000000]     3486 ms: Scavenge 595.7 (631.4) -> 589.4 (636.4) MB, 16.7 / 0.0 ms  allocation failure
[29875:0x103000000]     3506 ms: Scavenge 600.3 (636.4) -> 594.0 (641.4) MB, 10.3 / 0.0 ms  allocation failure
[29875:0x103000000]     3532 ms: Scavenge 604.9 (641.4) -> 598.6 (646.4) MB, 15.8 / 0.0 ms  allocation failure
PROFILE, 3544, 1535144, 554760, 684650496, 93.99723153682716, 38.55428695678711, 97.06643987607603
[29875:0x103000000]     3554 ms: Scavenge 609.5 (646.4) -> 603.2 (651.4) MB, 10.7 / 0.0 ms  allocation failure
[29875:0x103000000]     3578 ms: Scavenge 614.1 (651.4) -> 607.8 (656.4) MB, 13.5 / 0.0 ms  allocation failure
[29875:0x103000000]     3599 ms: Scavenge 618.7 (656.4) -> 612.4 (661.4) MB, 10.2 / 0.0 ms  allocation failure
[29875:0x103000000]     3622 ms: Scavenge 623.4 (661.4) -> 617.0 (666.4) MB, 13.1 / 0.0 ms  allocation failure
[29875:0x103000000]     3647 ms: Scavenge 628.0 (666.4) -> 621.6 (671.4) MB, 11.9 / 0.0 ms  allocation failure
PROFILE, 3652, 1586149, 472268.51851851854, 709230592, 92.8020472356428, 15.038466453552246, 96.8699756371238
[29875:0x103000000]     3668 ms: Scavenge 632.6 (671.4) -> 626.2 (676.4) MB, 8.8 / 0.0 ms  allocation failure
[29875:0x103000000]     3696 ms: Scavenge 637.2 (676.4) -> 630.8 (681.4) MB, 15.6 / 0.0 ms  allocation failure
[29875:0x103000000]     3717 ms: Scavenge 641.8 (681.4) -> 635.4 (686.4) MB, 11.4 / 0.0 ms  allocation failure
[29875:0x103000000]     3744 ms: Scavenge 646.4 (686.4) -> 640.0 (691.4) MB, 12.7 / 0.0 ms  allocation failure
PROFILE, 3751, 1638040, 518910, 728891392, 93.39205684781317, 28.213787078857422, 96.72356165059756
[29875:0x103000000]     3765 ms: Scavenge 651.0 (691.4) -> 644.7 (696.4) MB, 9.1 / 0.0 ms  allocation failure
[29875:0x103000000]     3790 ms: Scavenge 655.6 (696.4) -> 649.3 (701.4) MB, 15.3 / 0.0 ms  allocation failure
[29875:0x103000000]     3811 ms: Scavenge 660.2 (701.4) -> 653.9 (706.4) MB, 11.4 / 0.0 ms  allocation failure
[29875:0x103000000]     3840 ms: Scavenge 664.8 (706.4) -> 658.5 (711.4) MB, 20.0 / 0.0 ms  allocation failure
PROFILE, 3852, 1689971, 519310, 748556288, 93.95395808914165, 41.503024101257324, 96.58582317183388
[29875:0x103000000]     3861 ms: Scavenge 669.4 (711.4) -> 663.1 (716.4) MB, 11.3 / 0.0 ms  allocation failure
[29875:0x103000000]     3890 ms: Scavenge 674.0 (716.4) -> 667.7 (721.4) MB, 19.4 / 0.0 ms  allocation failure
[29875:0x103000000]     3911 ms: Scavenge 678.6 (721.4) -> 672.3 (726.4) MB, 11.8 / 0.0 ms  allocation failure
[29875:0x103000000]     3940 ms: Scavenge 683.2 (726.4) -> 676.9 (731.4) MB, 18.9 / 0.0 ms  allocation failure
PROFILE, 3952, 1737751, 477800, 768217088, 93.96009040225164, 42.818236351013184, 96.45603134392292
[29875:0x103000000]     3961 ms: Scavenge 687.8 (731.4) -> 681.5 (736.4) MB, 10.9 / 0.0 ms  allocation failure
[29875:0x103000000]     3989 ms: Scavenge 692.4 (736.4) -> 686.1 (741.4) MB, 20.3 / 0.0 ms  allocation failure
[29875:0x103000000]     4010 ms: Scavenge 697.0 (741.4) -> 690.7 (746.4) MB, 11.7 / 0.0 ms  allocation failure
[29875:0x103000000]     4038 ms: Scavenge 701.6 (746.4) -> 695.3 (751.4) MB, 18.9 / 0.0 ms  allocation failure
PROFILE, 4051.9999999999995, 1787248, 494970, 787877888, 94.17721569731249, 49.085354804992676, 96.33349402730376
[29875:0x103000000]     4060 ms: Scavenge 706.2 (751.4) -> 699.9 (756.4) MB, 11.8 / 0.0 ms  allocation failure
[29875:0x103000000]     4084 ms: Scavenge 710.8 (756.4) -> 704.5 (761.4) MB, 15.5 / 0.0 ms  allocation failure
[29875:0x103000000]     4103 ms: Scavenge 715.4 (761.4) -> 709.1 (766.4) MB, 9.7 / 0.0 ms  allocation failure
[29875:0x103000000]     4131 ms: Scavenge 720.0 (766.4) -> 713.7 (771.4) MB, 16.5 / 0.0 ms  allocation failure
[29875:0x103000000]     4155 ms: Scavenge 724.6 (771.4) -> 718.3 (776.4) MB, 12.6 / 0.0 ms  allocation failure
PROFILE, 4159, 1834603, 442570.09345794393, 812457984, 92.70325331653744, 15.038466453552246, 96.18962805863343
[29875:0x103000000]     4178 ms: Scavenge 729.2 (776.4) -> 722.9 (781.4) MB, 13.9 / 0.0 ms  allocation failure
[29875:0x103000000]     4201 ms: Scavenge 733.8 (781.4) -> 727.5 (786.4) MB, 10.0 / 0.0 ms  allocation failure
[29875:0x103000000]     4226 ms: Scavenge 738.4 (786.4) -> 732.1 (791.4) MB, 14.2 / 0.0 ms  allocation failure
[29875:0x103000000]     4251 ms: Scavenge 743.0 (791.4) -> 736.7 (796.4) MB, 10.1 / 0.0 ms  allocation failure
PROFILE, 4259, 1886376, 517730, 832118784, 93.20413533967378, 27.874016761779785, 96.0813355724524
[29875:0x103000000]     4277 ms: Scavenge 747.6 (796.4) -> 741.3 (801.4) MB, 14.4 / 0.0 ms  allocation failure
[29875:0x103000000]     4300 ms: Scavenge 752.3 (801.4) -> 745.9 (806.4) MB, 11.3 / 0.0 ms  allocation failure
[29875:0x103000000]     4323 ms: Scavenge 756.9 (806.4) -> 750.5 (811.4) MB, 11.1 / 0.0 ms  allocation failure
[29875:0x103000000]     4344 ms: Scavenge 761.5 (811.4) -> 755.1 (816.4) MB, 10.6 / 0.0 ms  allocation failure
[29875:0x103000000]     4363 ms: Scavenge 766.1 (816.4) -> 759.7 (821.4) MB, 9.6 / 0.0 ms  allocation failure
PROFILE, 4367, 1941083, 506546.2962962963, 856694784, 92.66863623816002, 15.037345886230469, 95.953763655214
[29875:0x103000000]     4384 ms: Scavenge 770.7 (821.4) -> 764.3 (826.4) MB, 11.4 / 0.0 ms  allocation failure
[29875:0x103000000]     4407 ms: Scavenge 775.3 (826.4) -> 769.0 (831.4) MB, 11.4 / 0.0 ms  allocation failure
[29875:0x103000000]     4426 ms: Scavenge 779.9 (831.4) -> 773.6 (836.4) MB, 9.9 / 0.0 ms  allocation failure
[29875:0x103000000]     4445 ms: Scavenge 784.5 (836.4) -> 778.2 (841.4) MB, 9.5 / 0.0 ms  allocation failure
[29875:0x103000000]     4465 ms: Scavenge 789.1 (841.4) -> 782.8 (846.4) MB, 8.6 / 0.0 ms  allocation failure
PROFILE, 4469, 2000240, 579970.5882352941, 881283072, 92.65104954122395, 15.038466453552246, 95.83403225101834
[29875:0x103000000]     4492 ms: Scavenge 793.7 (846.4) -> 787.4 (851.4) MB, 14.7 / 0.0 ms  allocation failure
[29875:0x103000000]     4513 ms: Scavenge 798.3 (851.4) -> 792.0 (856.4) MB, 11.3 / 0.0 ms  allocation failure
[29875:0x103000000]     4540 ms: Scavenge 802.9 (856.4) -> 796.6 (861.4) MB, 16.5 / 0.0 ms  allocation failure
[29875:0x103000000]     4561 ms: Scavenge 807.5 (861.4) -> 801.2 (866.4) MB, 11.9 / 0.0 ms  allocation failure
PROFILE, 4569, 2051751, 515110, 900943872, 93.08462466604863, 27.11799144744873, 95.7434343612542
[29875:0x103000000]     4589 ms: Scavenge 812.1 (866.4) -> 805.8 (871.4) MB, 17.1 / 0.0 ms  allocation failure
[29875:0x103000000]     4611 ms: Scavenge 816.7 (871.4) -> 810.4 (876.4) MB, 11.6 / 0.0 ms  allocation failure
[29875:0x103000000]     4641 ms: Scavenge 821.3 (876.4) -> 815.0 (881.4) MB, 21.6 / 0.0 ms  allocation failure
[29875:0x103000000]     4662 ms: Scavenge 825.9 (881.4) -> 819.6 (886.4) MB, 11.2 / 0.0 ms  allocation failure
PROFILE, 4669, 2098681, 469300, 920604672, 93.02058340359876, 25.979256629943848, 95.6571107979994
[29875:0x103000000]     4690 ms: Scavenge 830.5 (886.4) -> 824.2 (891.4) MB, 17.8 / 0.0 ms  allocation failure
[29875:0x103000000]     4708 ms: Scavenge 835.1 (891.4) -> 828.8 (896.4) MB, 9.9 / 0.0 ms  allocation failure
[29875:0x103000000]     4740 ms: Scavenge 839.7 (896.4) -> 833.4 (901.4) MB, 21.1 / 0.0 ms  allocation failure
[29875:0x103000000]     4761 ms: Scavenge 844.3 (901.4) -> 838.0 (906.4) MB, 11.2 / 0.0 ms  allocation failure
PROFILE, 4769, 2147003, 483220, 940269568, 93.10141447389722, 28.85739803314209, 95.57473884113912
[29875:0x103000000]     4791 ms: Scavenge 848.9 (906.4) -> 842.6 (911.4) MB, 20.0 / 0.0 ms  allocation failure
[29875:0x103000000]     4812 ms: Scavenge 853.5 (911.4) -> 847.2 (916.4) MB, 11.5 / 0.0 ms  allocation failure
[29875:0x103000000]     4839 ms: Scavenge 858.1 (916.4) -> 851.8 (921.4) MB, 17.3 / 0.0 ms  allocation failure
[29875:0x103000000]     4860 ms: Scavenge 862.7 (921.4) -> 856.4 (926.4) MB, 11.4 / 0.0 ms  allocation failure
PROFILE, 4869, 2196151, 491480, 959930368, 93.26124936381261, 34.119462966918945, 95.49608389547
[29875:0x103000000]     4889 ms: Scavenge 867.3 (926.4) -> 861.0 (931.4) MB, 20.4 / 0.0 ms  allocation failure
[29875:0x103000000]     4957 ms: Scavenge 871.9 (931.4) -> 865.6 (931.4) MB, 13.7 / 0.0 ms  allocation failure
PROFILE, 4969, 2213560, 174090, 969674752, 93.12920537000824, 16.083145141601562, 95.99110324954735
PROFILE, 5071, 2217147, 35514.851485148516, 969674752, 93.48570840439922, 26.441526412963867, 95.99113307410396
PROFILE, 5172, 2219312, 21225.490196078434, 969674752, 93.70105577482126, 32.69829750061035, 95.99116034227002
PROFILE, 5272, 2220934, 16220, 969674752, 93.86246866361819, 37.387847900390625, 95.99118761043607
PROFILE, 5372, 2222489, 15550, 969678848, 94.01721830470044, 41.88382625579834, 95.99121317434175
PROFILE, 5474, 2224111, 16059.405940594059, 969678848, 94.17864514192874, 46.573710441589355, 95.99124299889836
[29875:0x103000000]     5494 ms: Mark-sweep 876.0 (931.4) -> 871.5 (934.4) MB, 7.3 / 0.0 ms  (+ 553.6 ms in 288 steps since start of marking, biggest step 7.6 ms, walltime since start of marking 605 ms) finalize incremental marking via stack guard GC in old space requested
[29875:0x103000000]     5542 ms: Scavenge 881.1 (934.4) -> 874.0 (934.4) MB, 30.8 / 0.0 ms  allocation failure
[29875:0x103000000]     5573 ms: Scavenge 885.5 (934.4) -> 878.9 (934.4) MB, 14.9 / 0.0 ms  allocation failure
PROFILE, 5578, 2247338, 223336.53846153847, 983506944, 94.21959893586951, 15.84634780883789, 97.12231164093176
[29875:0x103000000]     5614 ms: Scavenge 889.6 (934.4) -> 883.4 (934.4) MB, 23.9 / 0.0 ms  allocation failure
[29875:0x103000000]     5635 ms: Scavenge 894.4 (934.4) -> 888.1 (934.4) MB, 11.4 / 0.0 ms  allocation failure
[29875:0x103000000]     5663 ms: Scavenge 898.9 (934.4) -> 892.6 (939.4) MB, 11.8 / 0.0 ms  allocation failure
PROFILE, 5677, 2291779, 444410, 998207488, 96.08047210160773, 41.4060115814209, 98.1327556426295
[29875:0x103000000]     5684 ms: Scavenge 903.6 (939.4) -> 897.2 (944.4) MB, 8.7 / 0.0 ms  allocation failure
[29875:0x103000000]     5714 ms: Scavenge 908.2 (944.4) -> 901.8 (949.4) MB, 14.7 / 0.0 ms  allocation failure
[29875:0x103000000]     5735 ms: Scavenge 912.8 (949.4) -> 906.5 (954.4) MB, 9.6 / 0.0 ms  allocation failure
[29875:0x103000000]     5764 ms: Scavenge 917.4 (954.4) -> 911.1 (959.4) MB, 13.5 / 0.0 ms  allocation failure
PROFILE, 5777, 2338819, 470400, 1017860096, 95.96859260939603, 40.60323238372803, 98.00006157508471
[29875:0x103000000]     5787 ms: Scavenge 922.0 (959.4) -> 915.7 (964.4) MB, 10.9 / 0.0 ms  allocation failure
[29875:0x103000000]     5810 ms: Scavenge 926.6 (964.4) -> 920.3 (969.4) MB, 11.7 / 0.0 ms  allocation failure
[29875:0x103000000]     5831 ms: Scavenge 931.2 (969.4) -> 924.9 (974.4) MB, 10.9 / 0.0 ms  allocation failure
[29875:0x103000000]     5859 ms: Scavenge 935.8 (974.4) -> 929.5 (979.4) MB, 15.3 / 0.0 ms  allocation failure
[29875:0x103000000]     5879 ms: Scavenge 940.4 (979.4) -> 934.1 (984.4) MB, 11.5 / 0.0 ms  allocation failure
PROFILE, 5884, 2389114, 474481.1320754717, 1042436096, 95.03712032013831, 15.038466453552246, 97.84377326633316
[29875:0x103000000]     5908 ms: Scavenge 945.0 (984.4) -> 938.7 (989.4) MB, 16.9 / 0.0 ms  allocation failure
[29875:0x103000000]     5930 ms: Scavenge 949.6 (989.4) -> 943.3 (994.4) MB, 12.0 / 0.0 ms  allocation failure
[29875:0x103000000]     5957 ms: Scavenge 954.2 (994.4) -> 947.9 (999.4) MB, 17.4 / 0.0 ms  allocation failure
[29875:0x103000000]     5978 ms: Scavenge 958.8 (999.4) -> 952.5 (1004.4) MB, 11.9 / 0.0 ms  allocation failure
PROFILE, 5983, 2436664, 475500, 1062096896, 94.99878428942858, 15.689897537231445, 97.72457427448536
[29875:0x103000000]     6007 ms: Scavenge 963.4 (1004.4) -> 957.1 (1009.4) MB, 18.1 / 0.0 ms  allocation failure
[29875:0x103000000]     6028 ms: Scavenge 968.0 (1009.4) -> 961.7 (1014.4) MB, 11.4 / 0.0 ms  allocation failure
[29875:0x103000000]     6053 ms: Scavenge 972.6 (1014.4) -> 966.3 (1019.4) MB, 16.4 / 0.0 ms  allocation failure
[29875:0x103000000]     6073 ms: Scavenge 977.2 (1019.4) -> 970.9 (1024.4) MB, 10.0 / 0.0 ms  allocation failure
PROFILE, 6083, 2488233, 515690, 1081757696, 95.32472819600916, 27.936840057373047, 97.61021419847992
[29875:0x103000000]     6106 ms: Scavenge 981.8 (1024.4) -> 975.5 (1029.4) MB, 21.4 / 0.0 ms  allocation failure
[29875:0x103000000]     6127 ms: Scavenge 986.4 (1029.4) -> 980.1 (1034.4) MB, 11.3 / 0.0 ms  allocation failure
[29875:0x103000000]     6152 ms: Scavenge 991.0 (1034.4) -> 984.7 (1039.4) MB, 16.3 / 0.0 ms  allocation failure
[29875:0x103000000]     6171 ms: Scavenge 995.6 (1039.4) -> 989.3 (1044.4) MB, 10.1 / 0.0 ms  allocation failure
PROFILE, 6183, 2538381, 501480, 1101422592, 95.51228909732366, 36.08207702636719, 97.50037029724018
[29875:0x103000000]     6201 ms: Scavenge 1000.2 (1044.4) -> 993.9 (1049.4) MB, 17.6 / 0.0 ms  allocation failure
[29875:0x103000000]     6223 ms: Scavenge 1004.8 (1049.4) -> 998.5 (1054.4) MB, 11.8 / 0.0 ms  allocation failure
[29875:0x103000000]     6246 ms: Scavenge 1009.4 (1054.4) -> 1003.1 (1059.4) MB, 14.2 / 0.0 ms  allocation failure
[29875:0x103000000]     6269 ms: Scavenge 1014.1 (1059.4) -> 1007.7 (1064.4) MB, 10.2 / 0.0 ms  allocation failure
PROFILE, 6283, 2588343, 499620, 1121083392, 95.67668398438936, 43.69189739227295, 97.39481245227975
[29875:0x103000000]     6296 ms: Scavenge 1018.7 (1064.4) -> 1012.3 (1069.4) MB, 15.1 / 0.0 ms  allocation failure
[29875:0x103000000]     6317 ms: Scavenge 1023.3 (1069.4) -> 1016.9 (1074.4) MB, 10.3 / 0.0 ms  allocation failure
[29875:0x103000000]     6338 ms: Scavenge 1027.9 (1074.4) -> 1021.5 (1079.4) MB, 10.6 / 0.0 ms  allocation failure
[29875:0x103000000]     6365 ms: Scavenge 1032.5 (1079.4) -> 1026.1 (1084.4) MB, 11.7 / 0.0 ms  allocation failure
[29875:0x103000000]     6386 ms: Scavenge 1037.1 (1084.4) -> 1030.7 (1089.4) MB, 10.8 / 0.0 ms  allocation failure
PROFILE, 6391, 2637567, 460037.3831775701, 1145659392, 94.75100864820101, 15.038537979125977, 97.26850558286947
[29875:0x103000000]     6414 ms: Scavenge 1041.7 (1089.4) -> 1035.4 (1094.4) MB, 11.4 / 0.0 ms  allocation failure
[29875:0x103000000]     6435 ms: Scavenge 1046.3 (1094.4) -> 1040.0 (1099.4) MB, 9.8 / 0.0 ms  allocation failure
[29875:0x103000000]     6462 ms: Scavenge 1050.9 (1099.4) -> 1044.6 (1104.4) MB, 13.5 / 0.0 ms  allocation failure
[29875:0x103000000]     6483 ms: Scavenge 1055.5 (1104.4) -> 1049.2 (1109.4) MB, 12.1 / 0.0 ms  allocation failure
PROFILE, 6490, 2687715, 501480, 1165320192, 94.93796843045908, 23.185181617736816, 97.17168666271795
[29875:0x103000000]     6511 ms: Scavenge 1060.1 (1109.4) -> 1053.8 (1114.4) MB, 14.1 / 0.0 ms  allocation failure
[29875:0x103000000]     6533 ms: Scavenge 1064.7 (1114.4) -> 1058.4 (1119.4) MB, 11.8 / 0.0 ms  allocation failure
[29875:0x103000000]     6561 ms: Scavenge 1069.3 (1119.4) -> 1063.0 (1124.4) MB, 17.1 / 0.0 ms  allocation failure
[29875:0x103000000]     6584 ms: Scavenge 1073.9 (1124.4) -> 1067.6 (1129.4) MB, 12.8 / 0.0 ms  allocation failure
PROFILE, 6591, 2734544, 468290, 1184980992, 94.84657757680186, 21.755075454711914, 97.07840641334367
[29875:0x103000000]     6614 ms: Scavenge 1078.5 (1129.4) -> 1072.2 (1134.4) MB, 14.7 / 0.0 ms  allocation failure
[29875:0x103000000]     6635 ms: Scavenge 1083.1 (1134.4) -> 1076.8 (1139.4) MB, 9.6 / 0.0 ms  allocation failure
[29875:0x103000000]     6664 ms: Scavenge 1087.7 (1139.4) -> 1081.4 (1144.4) MB, 15.4 / 0.0 ms  allocation failure
[29875:0x103000000]     6686 ms: Scavenge 1092.3 (1144.4) -> 1086.0 (1149.4) MB, 11.9 / 0.0 ms  allocation failure
PROFILE, 6691, 2779540, 449960, 1204641792, 94.61100808767227, 15.038347244262695, 96.98849605653953
[29875:0x103000000]     6713 ms: Scavenge 1096.9 (1149.4) -> 1090.6 (1154.4) MB, 12.6 / 0.0 ms  allocation failure
[29875:0x103000000]     6734 ms: Scavenge 1101.5 (1154.4) -> 1095.2 (1159.4) MB, 9.3 / 0.0 ms  allocation failure
[29875:0x103000000]     6762 ms: Scavenge 1106.1 (1159.4) -> 1099.8 (1164.4) MB, 14.7 / 0.0 ms  allocation failure
[29875:0x103000000]     6783 ms: Scavenge 1110.7 (1164.4) -> 1104.4 (1169.4) MB, 12.0 / 0.0 ms  allocation failure
PROFILE, 6793, 2829319, 497790, 1224302592, 94.76156744928421, 22.119140625, 96.901756990544
[29875:0x103000000]     6814 ms: Scavenge 1115.3 (1169.4) -> 1109.0 (1174.4) MB, 14.1 / 0.0 ms  allocation failure
[29875:0x103000000]     6835 ms: Scavenge 1119.9 (1174.4) -> 1113.6 (1179.4) MB, 9.4 / 0.0 ms  allocation failure
[29875:0x103000000]     6862 ms: Scavenge 1124.5 (1179.4) -> 1118.2 (1184.4) MB, 14.5 / 0.0 ms  allocation failure
[29875:0x103000000]     6883 ms: Scavenge 1129.1 (1184.4) -> 1122.8 (1189.4) MB, 11.7 / 0.0 ms  allocation failure
PROFILE, 6891, 2876936, 476170, 1243967488, 94.7390337513154, 22.963333129882812, 96.81801298907209
[29875:0x103000000]     6913 ms: Scavenge 1133.7 (1189.4) -> 1127.4 (1194.4) MB, 13.4 / 0.0 ms  allocation failure
[29875:0x103000000]     6936 ms: Scavenge 1138.3 (1194.4) -> 1132.0 (1199.4) MB, 11.0 / 0.0 ms  allocation failure
[29875:0x103000000]     6965 ms: Scavenge 1143.0 (1199.4) -> 1136.6 (1204.4) MB, 16.2 / 0.0 ms  allocation failure
[29875:0x103000000]     6989 ms: Scavenge 1147.6 (1204.4) -> 1141.2 (1209.4) MB, 14.2 / 0.0 ms  allocation failure
PROFILE, 6996, 2921513, 432786.4077669903, 1263628288, 94.4849222615698, 15.037918090820312, 96.73713625434044
PROFILE, 7095, 2928643, 71300, 1263681536, 95.03017518434073, 35.617828369140625, 96.73715966273599
PROFILE, 7193, 2930787, 21440, 1263681536, 95.1943309158824, 41.813111305236816, 96.73718242089835
PROFILE, 7296, 2932342, 15097.087378640777, 1263681536, 95.3134828474176, 46.309852600097656, 96.73720127766144
[29875:0x103000000]     7374 ms: Scavenge 1152.2 (1209.4) -> 1145.8 (1209.4) MB, 17.2 / 0.0 ms  allocation failure
PROFILE, 7397, 2933558, 12160, 1268510720, 94.88317443545648, 15.680456161499023, 97.12958125709534
PROFILE, 7502, 2934977, 13514.285714285716, 1268510720, 94.99191235325507, 19.783973693847656, 97.1296040152577
PROFILE, 7602, 2936464, 14722.772277227721, 1268510720, 95.10587401664726, 24.084758758544922, 97.12962417248721
PROFILE, 7703, 2937951, 14870, 1268514816, 95.21981799383914, 28.384852409362793, 97.12964497994993
PROFILE, 7804, 2939438, 14722.772277227721, 1268518912, 95.33375628618091, 32.68465995788574, 97.12966773811227
[29875:0x103000000]     7811 ms: Mark-sweep 1151.6 (1209.4) -> 1148.1 (1213.9) MB, 5.2 / 0.0 ms  (+ 761.3 ms in 267 steps since start of marking, biggest step 8.7 ms, walltime since start of marking 822 ms) finalize incremental marking via stack guard GC in old space requested
[29875:0x103000000]     7848 ms: Scavenge 1161.4 (1213.9) -> 1153.9 (1213.9) MB, 20.7 / 0.0 ms  allocation failure
[29875:0x103000000]     7888 ms: Scavenge 1163.8 (1213.9) -> 1158.0 (1213.9) MB, 24.5 / 0.0 ms  allocation failure
PROFILE, 7906, 2974799, 350108.91089108906, 1281998848, 96.28912983568382, 42.89963245391846, 97.82868206409087
[29875:0x103000000]     7932 ms: Scavenge 1169.4 (1213.9) -> 1162.8 (1213.9) MB, 23.9 / 0.0 ms  allocation failure
[29875:0x103000000]     7970 ms: Scavenge 1173.5 (1213.9) -> 1167.3 (1218.4) MB, 27.7 / 0.0 ms  allocation failure
[29875:0x103000000]     7995 ms: Scavenge 1178.3 (1218.4) -> 1172.0 (1222.9) MB, 10.9 / 0.0 ms  allocation failure
PROFILE, 8005.000000000001, 3005482, 306830, 1296076800, 96.33303414226363, 29.53364849090576, 98.22254111790679
[29875:0x103000000]     8027 ms: Scavenge 1182.8 (1222.9) -> 1176.6 (1227.9) MB, 17.1 / 0.0 ms  allocation failure
[29875:0x103000000]     8049 ms: Scavenge 1187.5 (1227.9) -> 1181.2 (1232.9) MB, 12.6 / 0.0 ms  allocation failure
[29875:0x103000000]     8076 ms: Scavenge 1192.1 (1232.9) -> 1185.8 (1237.9) MB, 14.0 / 0.0 ms  allocation failure
[29875:0x103000000]     8098 ms: Scavenge 1196.7 (1237.9) -> 1190.4 (1242.9) MB, 12.2 / 0.0 ms  allocation failure
PROFILE, 8103.999999999999, 3048936, 434540, 1315770368, 95.97776011706777, 18.333745002746582, 98.12276485156126
[29875:0x103000000]     8130 ms: Scavenge 1201.3 (1242.9) -> 1195.0 (1247.9) MB, 15.7 / 0.0 ms  allocation failure
[29875:0x103000000]     8152 ms: Scavenge 1205.9 (1247.9) -> 1199.6 (1252.9) MB, 12.4 / 0.0 ms  allocation failure
[29875:0x103000000]     8180 ms: Scavenge 1210.5 (1252.9) -> 1204.2 (1257.9) MB, 13.6 / 0.0 ms  allocation failure
[29875:0x103000000]     8202 ms: Scavenge 1215.1 (1257.9) -> 1208.8 (1262.9) MB, 12.1 / 0.0 ms  allocation failure
PROFILE, 8208, 3095118, 452764.70588235295, 1335439360, 95.83229983145249, 15.037918090820312, 98.02421004620004
[29875:0x103000000]     8232 ms: Scavenge 1219.7 (1262.9) -> 1213.4 (1267.9) MB, 12.3 / 0.0 ms  allocation failure
[29875:0x103000000]     8259 ms: Scavenge 1224.3 (1267.9) -> 1218.0 (1272.9) MB, 14.3 / 0.0 ms  allocation failure
[29875:0x103000000]     8285 ms: Scavenge 1228.9 (1272.9) -> 1222.6 (1277.9) MB, 11.9 / 0.0 ms  allocation failure
[29875:0x103000000]     8309 ms: Scavenge 1233.5 (1277.9) -> 1227.2 (1282.9) MB, 12.7 / 0.0 ms  allocation failure
PROFILE, 8314, 3142443, 442289.71962616825, 1355112448, 95.77364568185907, 15.038537979125977, 97.9287564293804
[29875:0x103000000]     8335 ms: Scavenge 1238.1 (1282.9) -> 1231.8 (1287.9) MB, 10.6 / 0.0 ms  allocation failure
[29875:0x103000000]     8359 ms: Scavenge 1242.7 (1287.9) -> 1236.4 (1292.9) MB, 13.4 / 0.0 ms  allocation failure
[29875:0x103000000]     8382 ms: Scavenge 1247.3 (1292.9) -> 1241.0 (1297.9) MB, 10.3 / 0.0 ms  allocation failure
[29875:0x103000000]     8402 ms: Scavenge 1251.9 (1297.9) -> 1245.6 (1302.9) MB, 10.2 / 0.0 ms  allocation failure
PROFILE, 8413, 3196118, 536750, 1374773248, 96.16729953796533, 33.36033821105957, 97.83630710795876
[29875:0x103000000]     8431 ms: Scavenge 1256.5 (1302.9) -> 1250.2 (1307.9) MB, 16.8 / 0.0 ms  allocation failure
[29875:0x103000000]     8452 ms: Scavenge 1261.1 (1307.9) -> 1254.8 (1312.9) MB, 10.8 / 0.0 ms  allocation failure
[29875:0x103000000]     8478 ms: Scavenge 1265.7 (1312.9) -> 1259.4 (1317.9) MB, 14.9 / 0.0 ms  allocation failure
[29875:0x103000000]     8506 ms: Scavenge 1270.3 (1317.9) -> 1264.0 (1322.9) MB, 11.2 / 0.0 ms  allocation failure
PROFILE, 8515, 3239835, 437170, 1394434048, 95.85331364129857, 22.95384407043457, 97.74673978971948
[29875:0x103000000]     8543 ms: Scavenge 1274.9 (1322.9) -> 1268.6 (1327.9) MB, 18.5 / 0.0 ms  allocation failure
[29875:0x103000000]     8572 ms: Scavenge 1279.6 (1327.9) -> 1273.2 (1332.9) MB, 15.6 / 0.0 ms  allocation failure
[29875:0x103000000]     8600 ms: Scavenge 1284.2 (1332.9) -> 1277.8 (1337.9) MB, 14.2 / 0.0 ms  allocation failure
PROFILE, 8614, 3275632, 357970, 1409196032, 95.8318811229195, 23.830890655517578, 97.68136402669465
PROFILE, 8714, 3281456, 58240, 1409200128, 96.23447815242206, 40.64292907714844, 97.68138395241532
PROFILE, 8816, 3283213, 17396.039603960395, 1409200128, 96.35613041444027, 45.722413063049316, 97.68140446418658
[29875:0x103000000]     8908 ms: Scavenge 1288.8 (1337.9) -> 1282.4 (1337.9) MB, 14.4 / 0.0 ms  allocation failure
PROFILE, 8917, 3284430, 11931.372549019608, 1414017024, 95.96733918452907, 15.099334716796875, 98.03504205217857
PROFILE, 9019, 3285984, 15386.138613861385, 1414017024, 96.07495157294085, 19.59245204925537, 98.03506373605106
PROFILE, 9119, 3287336, 13520, 1414017024, 96.1686297065091, 23.503780364990234, 98.03508248967051
PROFILE, 9220, 3288823, 14578.431372549021, 1414017024, 96.27160685851022, 27.803516387939453, 98.03509948513813
PROFILE, 9320, 3290242, 14190, 1414017024, 96.36988997014083, 31.907153129577637, 98.03511823875758
PROFILE, 9422, 3291593, 13245.098039215687, 1414017024, 96.46348817599663, 35.8151912689209, 98.03513582027581
PROFILE, 9522, 3293148, 15550, 1414021120, 96.57116564840284, 40.31116962432861, 98.03515398784467
[29875:0x103000000]     9534 ms: Mark-sweep 1290.7 (1337.9) -> 1285.8 (1342.4) MB, 6.6 / 0.0 ms  (+ 873.4 ms in 272 steps since start of marking, biggest step 11.0 ms, walltime since start of marking 934 ms) finalize incremental marking via stack guard GC in old space requested
[29875:0x103000000]     9566 ms: Scavenge 1298.0 (1342.4) -> 1291.1 (1342.9) MB, 18.6 / 0.0 ms  allocation failure
[29875:0x103000000]     9607 ms: Scavenge 1301.4 (1342.9) -> 1295.4 (1348.4) MB, 25.5 / 0.0 ms  allocation failure
PROFILE, 9624, 3324323, 311750, 1428078592, 96.62953810373006, 33.167409896850586, 98.25756800256433
[29875:0x103000000]     9648 ms: Scavenge 1306.6 (1348.4) -> 1300.1 (1352.9) MB, 22.9 / 0.0 ms  allocation failure
[29875:0x103000000]     9679 ms: Scavenge 1310.9 (1352.9) -> 1304.7 (1357.9) MB, 15.2 / 0.0 ms  allocation failure
[29875:0x103000000]     9721 ms: Scavenge 1315.6 (1357.9) -> 1309.3 (1362.4) MB, 21.5 / 0.0 ms  allocation failure
PROFILE, 9726, 3353454, 280105.76923076925, 1442586624, 96.21182565614792, 15.105009078979492, 98.24756010227777
[29875:0x103000000]     9749 ms: Scavenge 1320.2 (1362.4) -> 1313.9 (1367.4) MB, 14.9 / 0.0 ms  allocation failure
[29875:0x103000000]     9770 ms: Scavenge 1324.8 (1367.4) -> 1318.5 (1372.4) MB, 10.7 / 0.0 ms  allocation failure
[29875:0x103000000]     9797 ms: Scavenge 1329.4 (1372.4) -> 1323.1 (1377.4) MB, 15.9 / 0.0 ms  allocation failure
[29875:0x103000000]     9818 ms: Scavenge 1334.0 (1377.4) -> 1327.7 (1382.4) MB, 10.5 / 0.0 ms  allocation failure
PROFILE, 9825, 3403572, 501180, 1462267904, 96.33925561018025, 23.145079612731934, 98.15691745838664
[29875:0x103000000]     9847 ms: Scavenge 1338.6 (1382.4) -> 1332.3 (1387.4) MB, 17.1 / 0.0 ms  allocation failure
[29875:0x103000000]     9869 ms: Scavenge 1343.2 (1387.4) -> 1336.9 (1392.4) MB, 10.6 / 0.0 ms  allocation failure
[29875:0x103000000]     9892 ms: Scavenge 1347.8 (1392.4) -> 1341.5 (1397.4) MB, 12.5 / 0.0 ms  allocation failure
[29875:0x103000000]     9916 ms: Scavenge 1352.4 (1397.4) -> 1346.1 (1402.4) MB, 13.0 / 0.0 ms  allocation failure
PROFILE, 9926, 3448154, 445820, 1481953280, 96.09762010865322, 15.232110023498535, 98.06789540723338
PROFILE, 10027, 3449641, 14722.772277227721, 1481953280, 96.19588034830934, 19.53277587890625, 98.06791495071202
PROFILE, 10132, 3451196, 14809.52380952381, 1481953280, 96.2986070615181, 24.029040336608887, 98.06793281903535
PROFILE, 10235, 3452751, 15097.087378640777, 1481953280, 96.40132669459564, 28.5250186920166, 98.06795012897356
PROFILE, 10338, 3454373, 15747.572815533982, 1481953280, 96.508482302199, 33.21518898010254, 98.06796743891178
PROFILE, 10441, 3456063, 16407.766990291264, 1481953280, 96.62009839247472, 38.100624084472656, 98.06798474885
PROFILE, 10545, 3457618, 15097.087378640777, 1481953280, 96.72282074867965, 42.59672164916992, 98.06800205878822
PROFILE, 10646, 3459173, 15245.098039215687, 1481953280, 96.82555726514704, 47.0935583114624, 98.06801657680091
[29875:0x103000000]    10705 ms: Scavenge 1357.0 (1402.4) -> 1350.7 (1403.9) MB, 19.8 / 0.0 ms  allocation failure
PROFILE, 10748, 3460524, 13245.098039215687, 1486790656, 96.35993388442125, 16.83933734893799, 98.29706787782189
[29875:0x103000000]    10826 ms: Mark-sweep 1352.4 (1403.9) -> 1351.2 (1408.9) MB, 7.6 / 0.0 ms  (+ 853.0 ms in 201 steps since start of marking, biggest step 7.7 ms, walltime since start of marking 909 ms) finalize incremental marking via stack guard GC in old space requested
PROFILE, 10848, 3477148, 166240, 1487511552, 97.02709060628202, 46.898794174194336, 98.27329900926888
[29875:0x103000000]    10861 ms: Scavenge 1366.2 (1408.9) -> 1357.8 (1409.9) MB, 16.0 / 0.0 ms  allocation failure
[29875:0x103000000]    10898 ms: Scavenge 1366.9 (1409.9) -> 1361.5 (1416.4) MB, 26.9 / 0.0 ms  allocation failure
[29875:0x103000000]    11661 ms: Mark-sweep 1373.3 (1416.4) -> 1366.4 (1420.4) MB, 742.9 / 0.0 ms  allocation failure scavenge might not succeed
PROFILE, 11666, 3500483, 28526.894865525675, 1499840512, 96.29985607703605, 15.6022310256958, 98.24103013831552
[29875:0x103000000]    12405 ms: Mark-sweep 1377.1 (1420.4) -> 1370.9 (1425.4) MB, 734.1 / 0.0 ms  allocation failure scavenge might not succeed
PROFILE, 12410, 3512115, 15634.408602150537, 1504165888, 96.27956548554756, 14.322161674499512, 98.24273279720752
[29875:0x103000000]    13273 ms: Mark-sweep 1382.0 (1425.4) -> 1375.6 (1429.9) MB, 857.8 / 0.0 ms  allocation failure scavenge might not succeed
PROFILE, 13278, 3524191, 13912.442396313365, 1509437440, 96.30546753643432, 14.872431755065918, 98.25030497171551
[29875:0x103000000]    14207 ms: Mark-sweep 1386.6 (1429.9) -> 1380.2 (1434.9) MB, 923.2 / 0.0 ms  allocation failure scavenge might not succeed
PROFILE, 14211, 3536076, 12724.839400428265, 1514713088, 96.29214917182875, 14.64080810546875, 98.23500497241002
[29875:0x103000000]    15124 ms: Mark-sweep 1391.3 (1434.9) -> 1384.9 (1439.4) MB, 907.1 / 0.0 ms  allocation failure scavenge might not succeed
PROFILE, 15129, 3548042, 13049.073064340238, 1519693824, 96.31458434503111, 14.737343788146973, 98.24956065519982
[29875:0x103000000]    15994 ms: Mark-sweep 1395.9 (1439.4) -> 1389.5 (1444.4) MB, 859.0 / 0.0 ms  allocation failure scavenge might not succeed
PROFILE, 15998, 3559974, 13714.942528735632, 1524727808, 96.30240183031242, 14.687085151672363, 98.23135176339613
[29875:0x103000000]    16772 ms: Mark-sweep 1400.5 (1444.4) -> 1394.2 (1448.9) MB, 767.6 / 0.0 ms  allocation failure scavenge might not succeed
PROFILE, 16776, 3571923, 15358.611825192802, 1529729024, 96.32433368497686, 14.712738990783691, 98.24709454532258
[29875:0x103000000]    17548 ms: Mark-sweep 1405.2 (1448.9) -> 1398.8 (1453.9) MB, 765.6 / 0.0 ms  allocation failure scavenge might not succeed
PROFILE, 17553, 3583864, 15387.886597938144, 1534750720, 96.31263908192398, 14.701986312866211, 98.22857726468118
[29875:0x103000000]    18341 ms: Mark-sweep 1409.8 (1453.9) -> 1403.4 (1458.9) MB, 782.9 / 0.0 ms  allocation failure scavenge might not succeed
PROFILE, 18346, 3595808, 15061.790668348045, 1539768320, 96.3010592761779, 14.704179763793945, 98.20993435479554
[29875:0x103000000]    19525 ms: Mark-sweep 1414.5 (1458.9) -> 1408.1 (1459.9) MB, 1173.7 / 0.0 ms  allocation failure scavenge might not succeed
PROFILE, 19530, 3607751, 10086.993243243243, 1545265152, 96.55518099969062, 21.764421463012695, 98.3102005378586
PROFILE, 19633, 3609172, 13796.11650485437, 1545334784, 96.6454456358916, 25.875186920166016, 98.31023643882321
PROFILE, 19737, 3610795, 15757.28155339806, 1545334784, 96.74842861897261, 30.567622184753418, 98.31025572889375
PROFILE, 19838, 3612214, 14049.50495049505, 1545334784, 96.83851119829751, 34.67223644256592, 98.31027287562311
PROFILE, 19937, 3613701, 14870, 1545334784, 96.93288153094515, 38.97225856781006, 98.31029002235248
PROFILE, 20039, 3615256, 15245.098039215687, 1545334784, 97.03155321886602, 43.468356132507324, 98.31030609741126
PROFILE, 20141, 3616811, 15245.098039215687, 1545334784, 97.13024060134516, 47.965121269226074, 98.31032324414062
[29875:0x103000000]    22039 ms: Mark-sweep 1416.9 (1459.9) -> 1413.2 (1459.9) MB, 1877.3 / 0.0 ms  (+ 613.8 ms in 140 steps since start of marking, biggest step 7.9 ms, walltime since start of marking 2513 ms) allocation failure scavenge might not succeed
[29875:0x103000000]    25165 ms: Mark-sweep 1413.2 (1459.9) -> 1411.8 (1459.9) MB, 3124.7 / 0.0 ms  (+ 0.0 ms in 0 steps since start of marking, biggest step 0.0 ms, walltime since start of marking 3125 ms) allocation failure GC in old space requested
[29875:0x103000000]    28355 ms: Mark-sweep 1411.8 (1459.9) -> 1411.8 (1459.9) MB, 3189.2 / 0.0 ms  (+ 0.0 ms in 0 steps since start of marking, biggest step 0.0 ms, walltime since start of marking 3189 ms) allocation failure GC in old space requested
[29875:0x103000000]    31457 ms: Mark-sweep 1411.8 (1459.9) -> 1411.8 (1443.9) MB, 3102.3 / 0.0 ms  (+ 0.0 ms in 0 steps since start of marking, biggest step 0.0 ms, walltime since start of marking 3102 ms) last resort GC in old space requested
[29875:0x103000000]    34647 ms: Mark-sweep 1411.8 (1443.9) -> 1411.8 (1443.9) MB, 3189.4 / 0.0 ms  last resort GC in old space requested
